// Jest Snapshot v1, https://goo.gl/fbAQLP

exports[`TitleBar should match snapshot 1`] = `
<RNCSafeAreaProvider
  onInsetsChange={[Function]}
  style={
    Array [
      Object {
        "flex": 1,
      },
      undefined,
    ]
  }
>
  <View
    dataSet={Object {}}
    style={
      Array [
        Object {
          "display": "flex",
          "flexDirection": "row",
        },
        Array [
          Object {},
        ],
      ]
    }
    styleProps={Object {}}
  >
    <View
      dataSet={Object {}}
      style={
        Array [
          Object {
            "backgroundColor": "#FFFFFF",
            "color": "#FFFFFF",
            "marginRight": 8,
            "paddingRight": 8,
          },
          Array [
            Object {},
          ],
        ]
      }
    />
    <Text>
      Test
    </Text>
  </View>
</RNCSafeAreaProvider>
`;
