// Jest Snapshot v1, https://goo.gl/fbAQLP

exports[`Background should match snapshot 1`] = `
<RNCSafeAreaProvider
  onInsetsChange={[Function]}
  style={
    Array [
      Object {
        "flex": 1,
      },
      undefined,
    ]
  }
>
  <View
    style={
      Array [
        Object {
          "backgroundColor": "#ffffff",
          "position": "absolute",
        },
      ]
    }
  >
    <RNSVGSvgView
      bbHeight="100%"
      bbWidth="100%"
      focusable={false}
      style={
        Array [
          Object {
            "backgroundColor": "transparent",
            "borderWidth": 0,
          },
          Object {
            "flex": 0,
            "height": "100%",
            "width": "100%",
          },
        ]
      }
    >
      <RNSVGGroup>
        <RNSVGPath
          d="M0 0 0 undefined undefined undefined 30 NaN 0 0z"
          fill={4289527808}
          propList={
            Array [
              "fill",
            ]
          }
        />
        <RNSVGPath
          d="M0 0 undefined 0 undefined undefined NaN 30 0 0z"
          fill={4278461322}
          propList={
            Array [
              "fill",
            ]
          }
        />
      </RNSVGGroup>
    </RNSVGSvgView>
  </View>
</RNCSafeAreaProvider>
`;
